Command: C:\esp-tools\python_env\idf6.0_py3.11_env\Scripts\python.exe C:\esp\v6.0.2\esp-idf\tools/idf_monitor.py -p COM3 -b 115200 --toolchain-prefix xtensa-esp32-elf- --target esp32 --revision 0 C:\Users\HP OMEN\Desktop\work-gitfork-kmitl\Week-04-LED-and-Color-Sensing\043-Week-04-LED-and-Color-Sensing\Lab\lab1\build\RGB_LED_Lab1.elf C:\Users\HP OMEN\Desktop\work-gitfork-kmitl\Week-04-LED-and-Color-Sensing\043-Week-04-LED-and-Color-Sensing\Lab\lab1\build\lab1.elf C:\Users\HP OMEN\Desktop\work-gitfork-kmitl\Week-04-LED-and-Color-Sensing\043-Week-04-LED-and-Color-Sensing\Lab\lab1\build\bootloader\bootloader.elf --force-color -m 'C:\esp-tools\python_env\idf6.0_py3.11_env\Scripts\python.exe' 'C:\esp\v6.0.2\esp-idf\tools\idf.py'
:46

rst:0x1 (POWERON�+������RNG early entropy source...
[0;32mI (47) boot: Partition Table:[0m
[0;32mI (49) boot: ## Label            Usage          Type ST Offset   Length[0m
[0;32mI (56) boot:  0 nvs              WiFi data    �ets Jul 29 2019 12:21:46[0m

rst:0x1 (POWERON_RESET),boot:0x13 (SPI_FAST_FLASH_BOOT)
configsip: 0, SPIWP:0xee
clk_drv:0x00,q_drv:0x00,d_drv:0x00,cs0_drv:0x00,hd_drv:0x00,wp_drv:0x00
mode:DIO, clock div:2
load:0x3fff0040,len:6272
load:0x40078000,len:15820
load:0x40080400,len:3920
entry 0x40080644
[0;32mI (27) boot: ESP-IDF v6.0.2 2nd stage bootloader[0m
[0;32mI (27) boot: compile time Jul 21 2026 11:01:38[0m
[0;32mI (28) boot: Multicore bootloader[0m
[0;32mI (29) boot: chip revision: v3.1[0m
[0;32mI (32) boot.esp32: SPI Speed      : 40MHz[0m
[0;32mI (35) boot.esp32: SPI Mode       : DIO[0m
[0;32mI (39) boot.esp32: SPI Flash Size : 2MB[0m
[0;32mI (42) boot: Enabling RNG early entropy source...[0m
[0;32mI (47) boot: Partition Table:[0m
[0;32mI (49) boot: ## Label            Usage          Type ST Offset   Length[0m
[0;32mI (56) boot:  0 nvs              WiFi data        01 02 00009000 00006000[0m
[0;32mI (62) boot:  1 phy_init         RF data          01 01 0000f000 00001000[0m
[0;32mI (69) boot:  2 factory          factory app      00 00 00010000 00100000[0m
[0;32mI (75) boot: End of partition table[0m
[0;32mI (79) esp_image: segment 0: paddr=00010020 vaddr=3f400020 size=08d38h ( 36152) map[0m
[0;32mI (99) esp_image: segment 1: paddr=00018d60 vaddr=3ffb0000 size=02a2ch ( 10796) load[0m
[0;32mI (104) esp_image: segment 2: paddr=0001b794 vaddr=40080000 size=04884h ( 18564) load[0m
[0;32mI (111) esp_image: segment 3: paddr=00020020 vaddr=400d0020 size=0d350h ( 54096) map[0m
[0;32mI (131) esp_image: segment 4: paddr=0002d378 vaddr=40084884 size=0630ch ( 25356) load[0m
[0;32mI (142) esp_image: segment 5: paddr=0003368c vaddr=50000000 size=00028h (    40) load[0m
[0;32mI (148) boot: Loaded app from partition at offset 0x10000[0m
[0;32mI (148) boot: Disabling RNG early entropy source...[0m
[0;32mI (160) cpu_start: Multicore app[0m
[0;32mI (168) cpu_start: GPIO 3 and 1 are used as console UART I/O pins[0m
[0;32mI (168) cpu_start: Pro cpu start user code[0m
[0;32mI (168) cpu_start: cpu freq: 160000000 Hz[0m
[0;32mI (170) app_init: Application information:[0m
[0;32mI (174) app_init: Project name:     RGB_LED_Lab1[0m
[0;32mI (178) app_init: App version:      7d97ce9-dirty[0m
[0;32mI (183) app_init: Compile time:     Jul 21 2026 11:02:22[0m
[0;32mI (188) app_init: ELF file SHA256:  5e5792cca...[0m
[0;32mI (192) app_init: ESP-IDF:          v6.0.2[0m
[0;32mI (196) efuse_init: Min chip rev:     v0.0[0m
[0;32mI (200) efuse_init: Max chip rev:     v3.99 [0m
[0;32mI (204) efuse_init: Chip rev:         v3.1[0m
[0;32mI (208) heap_init: Initializing. RAM available for dynamic allocation:[0m
[0;32mI (214) heap_init: At 3FFAE6E0 len 00001920 (6 KiB): DRAM[0m
[0;32mI (219) heap_init: At 3FFB33D0 len 0002CC30 (179 KiB): DRAM[0m
[0;32mI (224) heap_init: At 3FFE0440 len 00003AE0 (14 KiB): D/IRAM[0m
[0;32mI (230) heap_init: At 3FFE4350 len 0001BCB0 (111 KiB): D/IRAM[0m
[0;32mI (235) heap_init: At 4008AB90 len 00015470 (85 KiB): IRAM[0m
[0;32mI (242) spi_flash: detected chip: generic[0m
[0;32mI (244) spi_flash: flash io: dio[0m
[0;33mW (247) spi_flash: Detected size(4096k) larger than the size in the binary image header(2048k). Using the size in the binary image header.[0m
[0;32mI (260) main_task: Started on CPU0[0m
[0;32mI (260) main_task: Calling app_main()[0m
[0;32mI (260) LAB1_RGB_TIMING: RGB LED Timing System Started.[0m
[0;32mI (270) LAB1_RGB_TIMING: Phase R: ON[0m
[0;32mI (2270) LAB1_RGB_TIMING: Phase R: OFF[0m
[0;32mI (2770) LAB1_RGB_TIMING: Phase G: ON[0m
[0;32mI (4770) LAB1_RGB_TIMING: Phase G: OFF[0m
[0;32mI (5270) LAB1_RGB_TIMING: Phase B: ON[0m
[0;32mI (7270) LAB1_RGB_TIMING: Phase B: OFF[0m
[0;32mI (7770) LAB1_RGB_TIMING: Entering Rest Phase... Waiting for residual charge to dissipate.[0m
-----------------------------------------------------------
[0;32mI (8770) LAB1_RGB_TIMING: Phase R: ON[0m
[0;32mI (10770) LAB1_RGB_TIMING: Phase R: OFF[0m
[0;32mI (11270) LAB1_RGB_TIMING: Phase G: ON[0m
[0;32mI (13270) LAB1_RGB_TIMING: Phase G: OFF[0m
[0;32mI (13770) LAB1_RGB_TIMING: Phase B: ON[0m
[0;32mI (15770) LAB1_RGB_TIMING: Phase B: OFF[0m
[0;32mI (16270) LAB1_RGB_TIMING: Entering Rest Phase... Waiting for residual charge to dissipate.[0m
-----------------------------------------------------------
[0;32mI (17270) LAB1_RGB_TIMING: Phase R: ON[0m
[0;32mI (19270) LAB1_RGB_TIMING: Phase R: OFF[0m
[0;32mI (19770) LAB1_RGB_TIMING: Phase G: ON[0m
[0;32mI (21770) LAB1_RGB_TIMING: Phase G: OFF[0m
[0;32mI (22270) LAB1_RGB_TIMING: Phase B: ON[0m
[0;32mI (24270) LAB1_RGB_TIMING: Phase B: OFF[0m
[0;32mI (24770) LAB1_RGB_TIMING: Entering Rest Phase... Waiting for residual charge to dissipate.[0m
-----------------------------------------------------------
[0;32mI (25770) LAB1_RGB_TIMING: Phase R: ON[0m
[0;32mI (27770) LAB1_RGB_TIMING: Phase R: OFF[0m
[0;32mI (28270) LAB1_RGB_TIMING: Phase G: ON[0m
[0;32mI (30270) LAB1_RGB_TIMING: Phase G: OFF[0m
[0;32mI (30770) LAB1_RGB_TIMING: Phase B: ON[0m
