Command: C:\esp-tools\python_env\idf6.0_py3.11_env\Scripts\python.exe C:\esp\v6.0.2\esp-idf\tools/idf_monitor.py -p COM3 -b 115200 --toolchain-prefix xtensa-esp32-elf- --target esp32 --revision 0 C:\Users\HP OMEN\Desktop\work-gitfork-kmitl\Week-04-LED-and-Color-Sensing\043-Week-04-LED-and-Color-Sensing\Lab\lab2\build\LAB2_ADC_SETTLING.elf C:\Users\HP OMEN\Desktop\work-gitfork-kmitl\Week-04-LED-and-Color-Sensing\043-Week-04-LED-and-Color-Sensing\Lab\lab2\build\bootloader\bootloader.elf --force-color -m 'C:\esp-tools\python_env\idf6.0_py3.11_env\Scripts\python.exe' 'C:\esp\v6.0.2\esp-idf\tools\idf.py'
:46

rst:0x1 (POWERON_RESET),boot:0x17 (SPI_FAST_FLASH_BOOT)
configsip: 0, SPIWP:0xee
clk$��J���� ## Label            Usage          Type ST Offset   Length
[0;32mI (56) boot:  0 nvs              WiFi data        01 02 00009000 00006000[0m
[0;32mI (62)�ets Jul 29 2019 12:21:46[0m

rst:0x1 (POWERON_RESET),boot:0x17 (SPI_FAST_FLASH_BOOT)
configsip: 0, SPIWP:0xee
clk_drv:0x00,q_drv:0x00,d_drv:0x00,cs0_drv:0x00,hd_drv:0x00,wp_drv:0x00
mode:DIO, clock div:2
load:0x3fff0040,len:6272
load:0x40078000,len:15820
load:0x40080400,len:3920
entry 0x40080644
[0;32mI (27) boot: ESP-IDF v6.0.2 2nd stage bootloader[0m
[0;32mI (27) boot: compile time Jul 21 2026 11:38:03[0m
[0;32mI (28) boot: Multicore bootloader[0m
[0;32mI (29) boot: chip revision: v3.1[0m
[0;32mI (32) boot.esp32: SPI Speed      : 40MHz[0m
[0;32mI (35) boot.esp32: SPI Mode       : DIO[0m
[0;32mI (39) boot.esp32: SPI Flash Size : 2MB[0m
[0;32mI (42) boot: Enabling RNG early entropy source...[0m
[0;32mI (47) boot: Partition Table:[0m
[0;32mI (49) boot: ## Label            Usage          Type ST Offset   Length[0m
[0;32mI (56) boot:  0 nvs              WiFi data        01 02 00009000 00006000[0m
[0;32mI (62) boot:  1 phy_init         RF data          01 01 0000f000 00001000[0m
[0;32mI (69) boot:  2 factory          factory app      00 00 00010000 00100000[0m
[0;32mI (75) boot: End of partition table[0m
[0;32mI (79) esp_image: segment 0: paddr=00010020 vaddr=3f400020 size=092a8h ( 37544) map[0m
[0;32mI (100) esp_image: segment 1: paddr=000192d0 vaddr=3ffb0000 size=02a2ch ( 10796) load[0m
[0;32mI (104) esp_image: segment 2: paddr=0001bd04 vaddr=40080000 size=04314h ( 17172) load[0m
[0;32mI (111) esp_image: segment 3: paddr=00020020 vaddr=400d0020 size=0e790h ( 59280) map[0m
[0;32mI (133) esp_image: segment 4: paddr=0002e7b8 vaddr=40084314 size=068f8h ( 26872) load[0m
[0;32mI (144) esp_image: segment 5: paddr=000350b8 vaddr=50000000 size=00028h (    40) load[0m
[0;32mI (150) boot: Loaded app from partition at offset 0x10000[0m
[0;32mI (150) boot: Disabling RNG early entropy source...[0m
[0;32mI (162) cpu_start: Multicore app[0m
[0;32mI (170) cpu_start: GPIO 3 and 1 are used as console UART I/O pins[0m
[0;32mI (171) cpu_start: Pro cpu start user code[0m
[0;32mI (171) cpu_start: cpu freq: 160000000 Hz[0m
[0;32mI (173) app_init: Application information:[0m
[0;32mI (176) app_init: Project name:     LAB2_ADC_SETTLING[0m
[0;32mI (181) app_init: App version:      7d97ce9-dirty[0m
[0;32mI (185) app_init: Compile time:     Jul 21 2026 11:37:56[0m
[0;32mI (191) app_init: ELF file SHA256:  eb32a9952...[0m
[0;32mI (195) app_init: ESP-IDF:          v6.0.2[0m
[0;32mI (199) efuse_init: Min chip rev:     v0.0[0m
[0;32mI (203) efuse_init: Max chip rev:     v3.99 [0m
[0;32mI (207) efuse_init: Chip rev:         v3.1[0m
[0;32mI (211) heap_init: Initializing. RAM available for dynamic allocation:[0m
[0;32mI (217) heap_init: At 3FFAE6E0 len 00001920 (6 KiB): DRAM[0m
[0;32mI (222) heap_init: At 3FFB3400 len 0002CC00 (179 KiB): DRAM[0m
[0;32mI (227) heap_init: At 3FFE0440 len 00003AE0 (14 KiB): D/IRAM[0m
[0;32mI (232) heap_init: At 3FFE4350 len 0001BCB0 (111 KiB): D/IRAM[0m
[0;32mI (238) heap_init: At 4008AC0C len 000153F4 (84 KiB): IRAM[0m
[0;32mI (245) spi_flash: detected chip: generic[0m
[0;32mI (247) spi_flash: flash io: dio[0m
[0;33mW (250) spi_flash: Detected size(4096k) larger than the size in the binary image header(2048k). Using the size in the binary image header.[0m
[0;32mI (263) main_task: Started on CPU0[0m
[0;32mI (263) main_task: Calling app_main()[0m
[0;32mI (263) LAB2_ADC_SETTLING: Transient Observation System Online.[0m
==============================================================
Color RED:
No, ADC Raw
1, 98
2, 2283
3, 0
4, 2316
5, 0
6, 2335
7, 0
8, 2375
9, 0
10, 2384
11, 0
12, 2398
13, 0
14, 2399
15, 0
16, 2411
17, 0
18, 2416
19, 0
20, 2419
--------------------------------------------------------------
Color GREEN:
No, ADC Raw
1, 71
2, 2256
3, 227
4, 2186
5, 337
6, 2118
7, 470
8, 2015
9, 608
10, 1921
11, 751
12, 1824
13, 912
14, 1692
15, 1056
16, 1558
17, 1189
18, 1389
19, 1343
20, 1258
--------------------------------------------------------------
Color BLUE:
No, ADC Raw
1, 2398
2, 165
3, 2159
4, 73
5, 2205
6, 0
7, 2242
8, 0
9, 2274
10, 0
11, 2297
12, 0
13, 2332
14, 0
15, 2351
16, 0
17, 2353
18, 0
19, 2341
20, 0
==============================================================
Color RED:
No, ADC Raw
1, 2142
2, 69
3, 2085
4, 155
5, 2051
6, 279
7, 1961
8, 371
9, 1941
10, 471
11, 1855
12, 592
13, 1759
14, 729
15, 1663
16, 843
17, 1558
18, 978
19, 1450
20, 1125
--------------------------------------------------------------
